<html>
<body>
<pre>
<h1>µVision Build Log</h1>
<h2>Tool Versions:</h2>
IDE-Version: ¦ÌVision V5.23.0.0
Copyright (C) 2017 ARM Ltd and ARM Germany GmbH. All rights reserved.
License Information: lz kwok, »ªÎª, LIC=EXJEV-PV512-7R7X3-ADKKF-S74GN-8NRAR
 
Tool Versions:
Toolchain:       MDK-ARM Plus  Version: 5.23
Toolchain Path:  E:\Programfiles\Keil\ARM\ARMCC\Bin
C Compiler:      Armcc.exe V5.06 update 4 (build 422)
Assembler:       Armasm.exe V5.06 update 4 (build 422)
Linker/Locator:  ArmLink.exe V5.06 update 4 (build 422)
Library Manager: ArmAr.exe V5.06 update 4 (build 422)
Hex Converter:   FromElf.exe V5.06 update 4 (build 422)
CPU DLL:         SARMCM3.DLL V5.23
Dialog DLL:      DCM.DLL V1.15.0.0
Target DLL:      Segger\JL2CM3.dll V2.99.23.0
Dialog DLL:      TCM.DLL V1.27.0.0
 
<h2>Project:</h2>
G:\DesignProjects\stm32f407_gcore_rtt_prj\bsp\stm32\stm32f407-st-discovery\board\CubeMX_Config\MDK-ARM\CubeMX_Config.uvprojx
Project File Date:  10/19/2019

<h2>Output:</h2>
*** Using Compiler 'V5.06 update 4 (build 422)', folder: 'E:\Programfiles\Keil\ARM\ARMCC\Bin'
Build target 'CubeMX_Config'
compiling usbd_storage_if.c...
linking...
Program Size: Code=17032 RO-data=508 RW-data=312 ZI-data=106504  
FromELF: creating hex file...
"CubeMX_Config\CubeMX_Config.axf" - 0 Error(s), 0 Warning(s).

<h2>Software Packages used:</h2>

Package Vendor: ARM
                http://www.keil.com/pack/ARM.CMSIS.5.0.1.pack
                ARM::CMSIS:CORE:5.0.1
                CMSIS (Cortex Microcontroller Software Interface Standard)
   * Component: CORE Version: 5.0.1

<h2>Collection of Component include folders:</h2>
  .\RTE\_CubeMX_Config
  E:\Programfiles\Keil\ARM\PACK\ARM\CMSIS\5.0.1\CMSIS\Include
  E:\Programfiles\Keil\ARM\PACK\Keil\STM32F4xx_DFP\2.11.0\Drivers\CMSIS\Device\ST\STM32F4xx\Include

<h2>Collection of Component Files used:</h2>

   * Component: ARM::CMSIS:CORE:5.0.1
Build Time Elapsed:  00:00:05
</pre>
</body>
</html>
